=== RALPH WIGGUM RESEARCH LOG ===
Project: Grey Hat SaaS Opportunity Discovery
Started: 2026-01-09

---

=== ITERATION 0 (BASELINE) ===
Status: Initialized
Notes: Ready to begin research iterations

FOCUS AREAS TO EXPLORE:
[ ] Regulatory arbitrage tools
[ ] Stigmatized market infrastructure
[ ] Unsexy workflow automation
[ ] Platform policy edge cases
[ ] Data brokerage alternatives
[ ] Financial grey zone services
[ ] Reputation/removal services
[ ] Competitive intelligence tools
[ ] Multi-account/identity management
[ ] Cross-border service gaps

HIGH-SIGNAL SEARCH PATTERNS:
- "[industry] is underbanked"
- "[workflow] no good software"
- "banned from [platform] need alternative"
- "[profession] payment processing"
- "competitors of [niche tool]" → often reveals gaps

---
